// Jest Snapshot v1, https://goo.gl/fbAQLP

exports[`ManagerBot method sendMessage throw error without initializing chatId 1`] = `"Specify chatId before send message via managerBot.addChat(chatId)"`;
